H4sIAAAAAAAAA+2U3QqDMAyFvRZ8ByF3wkot0T2Pr7A52OMv/Rm2MbqJuA3W70KbpicnrUWtxvtYHIsmekRxnjDtGYsWdWfQaNOhne8Q+1of3Jfjdh2HC1l+wusHqRlNoCoXEmISCEWAYimaDSnlXzwfkm4ZMSvLwplzrSZ4U7YqC4XOG5CsnQBSPXC9lYUjEWq81NuGSKoa9whHsaF/u3z6KOEk0/ZYt6Lcjl0F+ftAPE7S6Z59VJWwC9K7e+TvhL80i9FpxjZ/WR8s4HlplyO5/7dxp8a9ox2uRYJ2l2+0M1iLdvtGfPvfl8lkMv/MA0Y6088ADAAA